<table>
  <tr>
    <td><div class='cell cell-c0-r0'></div></td>
    <td><div class='cell cell-c1-r0 sprite__wall'></div></td>
    <td><div class='cell cell-c2-r0'></div></td>
  </tr>
  <tr>
    <td><div class='cell cell-c0-r1'></div></td>
    <td><div class='cell cell-c1-r1 sprite__snake-head'></div></td>
    <td><div class='cell cell-c2-r1'></div></td>
  </tr>
</table>
      